Analysis & Synthesis report for CPU
Fri Dec 23 19:09:11 2022
Quartus II 64-Bit Version 15.0.0 Build 145 04/22/2015 SJ Full Version


---------------------
; Table of Contents ;
---------------------
  1. Legal Notice
  2. Analysis & Synthesis Summary
  3. Analysis & Synthesis Settings
  4. Parallel Compilation
  5. Analysis & Synthesis Source Files Read
  6. Analysis & Synthesis Resource Usage Summary
  7. Analysis & Synthesis Resource Utilization by Entity
  8. Registers Removed During Synthesis
  9. Removed Registers Triggering Further Register Optimizations
 10. General Register Statistics
 11. Port Connectivity Checks: "RegFile:b2v_inst8"
 12. Port Connectivity Checks: "Control:b2v_inst5"
 13. Port Connectivity Checks: "InstructionSlice:b2v_inst4"
 14. Post-Synthesis Netlist Statistics for Top Partition
 15. Elapsed Time Per Partition
 16. Analysis & Synthesis Messages



----------------
; Legal Notice ;
----------------
Copyright (C) 1991-2015 Altera Corporation. All rights reserved.
Your use of Altera Corporation's design tools, logic functions 
and other software and tools, and its AMPP partner logic 
functions, and any output files from any of the foregoing 
(including device programming or simulation files), and any 
associated documentation or information are expressly subject 
to the terms and conditions of the Altera Program License 
Subscription Agreement, the Altera Quartus II License Agreement,
the Altera MegaCore Function License Agreement, or other 
applicable license agreement, including, without limitation, 
that your use is for the sole purpose of programming logic 
devices manufactured by Altera and sold by Altera or its 
authorized distributors.  Please refer to the applicable 
agreement for further details.



+----------------------------------------------------------------------------------+
; Analysis & Synthesis Summary                                                     ;
+------------------------------------+---------------------------------------------+
; Analysis & Synthesis Status        ; Successful - Fri Dec 23 19:09:11 2022       ;
; Quartus II 64-Bit Version          ; 15.0.0 Build 145 04/22/2015 SJ Full Version ;
; Revision Name                      ; CPU                                         ;
; Top-level Entity Name              ; CPU                                         ;
; Family                             ; Cyclone IV E                                ;
; Total logic elements               ; 0                                           ;
;     Total combinational functions  ; 0                                           ;
;     Dedicated logic registers      ; 0                                           ;
; Total registers                    ; 0                                           ;
; Total pins                         ; 66                                          ;
; Total virtual pins                 ; 0                                           ;
; Total memory bits                  ; 0                                           ;
; Embedded Multiplier 9-bit elements ; 0                                           ;
; Total PLLs                         ; 0                                           ;
+------------------------------------+---------------------------------------------+


+----------------------------------------------------------------------------------------------------------------------+
; Analysis & Synthesis Settings                                                                                        ;
+----------------------------------------------------------------------------+--------------------+--------------------+
; Option                                                                     ; Setting            ; Default Value      ;
+----------------------------------------------------------------------------+--------------------+--------------------+
; Device                                                                     ; EP4CE115F29C7      ;                    ;
; Top-level entity name                                                      ; CPU                ; CPU                ;
; Family name                                                                ; Cyclone IV E       ; Cyclone V          ;
; Use smart compilation                                                      ; Off                ; Off                ;
; Enable parallel Assembler and TimeQuest Timing Analyzer during compilation ; On                 ; On                 ;
; Enable compact report table                                                ; Off                ; Off                ;
; Restructure Multiplexers                                                   ; Auto               ; Auto               ;
; Create Debugging Nodes for IP Cores                                        ; Off                ; Off                ;
; Preserve fewer node names                                                  ; On                 ; On                 ;
; Disable OpenCore Plus hardware evaluation                                  ; Off                ; Off                ;
; Verilog Version                                                            ; Verilog_2001       ; Verilog_2001       ;
; VHDL Version                                                               ; VHDL_1993          ; VHDL_1993          ;
; State Machine Processing                                                   ; Auto               ; Auto               ;
; Safe State Machine                                                         ; Off                ; Off                ;
; Extract Verilog State Machines                                             ; On                 ; On                 ;
; Extract VHDL State Machines                                                ; On                 ; On                 ;
; Ignore Verilog initial constructs                                          ; Off                ; Off                ;
; Iteration limit for constant Verilog loops                                 ; 5000               ; 5000               ;
; Iteration limit for non-constant Verilog loops                             ; 250                ; 250                ;
; Add Pass-Through Logic to Inferred RAMs                                    ; On                 ; On                 ;
; Infer RAMs from Raw Logic                                                  ; On                 ; On                 ;
; Parallel Synthesis                                                         ; On                 ; On                 ;
; DSP Block Balancing                                                        ; Auto               ; Auto               ;
; NOT Gate Push-Back                                                         ; On                 ; On                 ;
; Power-Up Don't Care                                                        ; On                 ; On                 ;
; Remove Redundant Logic Cells                                               ; Off                ; Off                ;
; Remove Duplicate Registers                                                 ; On                 ; On                 ;
; Ignore CARRY Buffers                                                       ; Off                ; Off                ;
; Ignore CASCADE Buffers                                                     ; Off                ; Off                ;
; Ignore GLOBAL Buffers                                                      ; Off                ; Off                ;
; Ignore ROW GLOBAL Buffers                                                  ; Off                ; Off                ;
; Ignore LCELL Buffers                                                       ; Off                ; Off                ;
; Ignore SOFT Buffers                                                        ; On                 ; On                 ;
; Limit AHDL Integers to 32 Bits                                             ; Off                ; Off                ;
; Optimization Technique                                                     ; Balanced           ; Balanced           ;
; Carry Chain Length                                                         ; 70                 ; 70                 ;
; Auto Carry Chains                                                          ; On                 ; On                 ;
; Auto Open-Drain Pins                                                       ; On                 ; On                 ;
; Perform WYSIWYG Primitive Resynthesis                                      ; Off                ; Off                ;
; Auto ROM Replacement                                                       ; On                 ; On                 ;
; Auto RAM Replacement                                                       ; On                 ; On                 ;
; Auto DSP Block Replacement                                                 ; On                 ; On                 ;
; Auto Shift Register Replacement                                            ; Auto               ; Auto               ;
; Allow Shift Register Merging across Hierarchies                            ; Auto               ; Auto               ;
; Auto Clock Enable Replacement                                              ; On                 ; On                 ;
; Strict RAM Replacement                                                     ; Off                ; Off                ;
; Allow Synchronous Control Signals                                          ; On                 ; On                 ;
; Force Use of Synchronous Clear Signals                                     ; Off                ; Off                ;
; Auto RAM Block Balancing                                                   ; On                 ; On                 ;
; Auto RAM to Logic Cell Conversion                                          ; Off                ; Off                ;
; Auto Resource Sharing                                                      ; Off                ; Off                ;
; Allow Any RAM Size For Recognition                                         ; Off                ; Off                ;
; Allow Any ROM Size For Recognition                                         ; Off                ; Off                ;
; Allow Any Shift Register Size For Recognition                              ; Off                ; Off                ;
; Use LogicLock Constraints during Resource Balancing                        ; On                 ; On                 ;
; Ignore translate_off and synthesis_off directives                          ; Off                ; Off                ;
; Timing-Driven Synthesis                                                    ; On                 ; On                 ;
; Report Parameter Settings                                                  ; On                 ; On                 ;
; Report Source Assignments                                                  ; On                 ; On                 ;
; Report Connectivity Checks                                                 ; On                 ; On                 ;
; Ignore Maximum Fan-Out Assignments                                         ; Off                ; Off                ;
; Synchronization Register Chain Length                                      ; 2                  ; 2                  ;
; PowerPlay Power Optimization During Synthesis                              ; Normal compilation ; Normal compilation ;
; HDL message level                                                          ; Level2             ; Level2             ;
; Suppress Register Optimization Related Messages                            ; Off                ; Off                ;
; Number of Removed Registers Reported in Synthesis Report                   ; 5000               ; 5000               ;
; Number of Swept Nodes Reported in Synthesis Report                         ; 5000               ; 5000               ;
; Number of Inverted Registers Reported in Synthesis Report                  ; 100                ; 100                ;
; Clock MUX Protection                                                       ; On                 ; On                 ;
; Auto Gated Clock Conversion                                                ; Off                ; Off                ;
; Block Design Naming                                                        ; Auto               ; Auto               ;
; SDC constraint protection                                                  ; Off                ; Off                ;
; Synthesis Effort                                                           ; Auto               ; Auto               ;
; Shift Register Replacement - Allow Asynchronous Clear Signal               ; On                 ; On                 ;
; Pre-Mapping Resynthesis Optimization                                       ; Off                ; Off                ;
; Analysis & Synthesis Message Level                                         ; Medium             ; Medium             ;
; Disable Register Merging Across Hierarchies                                ; Auto               ; Auto               ;
; Resource Aware Inference For Block RAM                                     ; On                 ; On                 ;
; Synthesis Seed                                                             ; 1                  ; 1                  ;
+----------------------------------------------------------------------------+--------------------+--------------------+


+------------------------------------------+
; Parallel Compilation                     ;
+----------------------------+-------------+
; Processors                 ; Number      ;
+----------------------------+-------------+
; Number detected on machine ; 8           ;
; Maximum allowed            ; 8           ;
;                            ;             ;
; Average used               ; 1.00        ;
; Maximum used               ; 1           ;
;                            ;             ;
; Usage by Processor         ; % Time Used ;
;     Processor 1            ; 100.0%      ;
;     Processors 2-8         ;   0.0%      ;
+----------------------------+-------------+


+---------------------------------------------------------------------------------------------------------------------------------------------+
; Analysis & Synthesis Source Files Read                                                                                                      ;
+----------------------------------+-----------------+------------------------------+-----------------------------------------------+---------+
; File Name with User-Entered Path ; Used in Netlist ; File Type                    ; File Name with Absolute Path                  ; Library ;
+----------------------------------+-----------------+------------------------------+-----------------------------------------------+---------+
; CPU.v                            ; yes             ; User Verilog HDL File        ; D:/altera/Compute/lab6/CPU/CPU.v              ;         ;
; pc.v                             ; yes             ; Auto-Found Verilog HDL File  ; D:/altera/Compute/lab6/CPU/pc.v               ;         ;
; alu.v                            ; yes             ; Auto-Found Verilog HDL File  ; D:/altera/Compute/lab6/CPU/alu.v              ;         ;
; left.v                           ; yes             ; Auto-Found Verilog HDL File  ; D:/altera/Compute/lab6/CPU/left.v             ;         ;
; add.v                            ; yes             ; Auto-Found Verilog HDL File  ; D:/altera/Compute/lab6/CPU/add.v              ;         ;
; inputdata.v                      ; yes             ; Auto-Found Verilog HDL File  ; D:/altera/Compute/lab6/CPU/inputdata.v        ;         ;
; inputextend.v                    ; yes             ; Auto-Found Verilog HDL File  ; D:/altera/Compute/lab6/CPU/inputextend.v      ;         ;
; result.v                         ; yes             ; Auto-Found Verilog HDL File  ; D:/altera/Compute/lab6/CPU/result.v           ;         ;
; insmem.v                         ; yes             ; Auto-Found Verilog HDL File  ; D:/altera/Compute/lab6/CPU/insmem.v           ;         ;
; instructionslice.v               ; yes             ; Auto-Found Verilog HDL File  ; D:/altera/Compute/lab6/CPU/instructionslice.v ;         ;
; control.v                        ; yes             ; Auto-Found Verilog HDL File  ; D:/altera/Compute/lab6/CPU/control.v          ;         ;
; mux4.v                           ; yes             ; Auto-Found Verilog HDL File  ; D:/altera/Compute/lab6/CPU/mux4.v             ;         ;
; regfile.v                        ; yes             ; Auto-Found Verilog HDL File  ; D:/altera/Compute/lab6/CPU/regfile.v          ;         ;
; inmediateextend.v                ; yes             ; Auto-Found Verilog HDL File  ; D:/altera/Compute/lab6/CPU/inmediateextend.v  ;         ;
+----------------------------------+-----------------+------------------------------+-----------------------------------------------+---------+


+-----------------------------------------------------+
; Analysis & Synthesis Resource Usage Summary         ;
+---------------------------------------------+-------+
; Resource                                    ; Usage ;
+---------------------------------------------+-------+
;                                             ;       ;
; Total combinational functions               ; 0     ;
; Logic element usage by number of LUT inputs ;       ;
;     -- 4 input functions                    ; 0     ;
;     -- 3 input functions                    ; 0     ;
;     -- <=2 input functions                  ; 0     ;
;                                             ;       ;
; Logic elements by mode                      ;       ;
;     -- normal mode                          ; 0     ;
;     -- arithmetic mode                      ; 0     ;
;                                             ;       ;
; Total registers                             ; 0     ;
;     -- Dedicated logic registers            ; 0     ;
;     -- I/O registers                        ; 0     ;
;                                             ;       ;
; I/O pins                                    ; 66    ;
;                                             ;       ;
; Embedded Multiplier 9-bit elements          ; 0     ;
;                                             ;       ;
; Maximum fan-out node                        ; reset ;
; Maximum fan-out                             ; 1     ;
; Total fan-out                               ; 66    ;
; Average fan-out                             ; 0.50  ;
+---------------------------------------------+-------+


+-----------------------------------------------------------------------------------------------------------------------------------------------------------------------------+
; Analysis & Synthesis Resource Utilization by Entity                                                                                                                         ;
+----------------------------+-------------------+--------------+-------------+--------------+---------+-----------+------+--------------+---------------------+--------------+
; Compilation Hierarchy Node ; LC Combinationals ; LC Registers ; Memory Bits ; DSP Elements ; DSP 9x9 ; DSP 18x18 ; Pins ; Virtual Pins ; Full Hierarchy Name ; Library Name ;
+----------------------------+-------------------+--------------+-------------+--------------+---------+-----------+------+--------------+---------------------+--------------+
; |CPU                       ; 0 (0)             ; 0 (0)        ; 0           ; 0            ; 0       ; 0         ; 66   ; 0            ; |CPU                ; work         ;
+----------------------------+-------------------+--------------+-------------+--------------+---------+-----------+------+--------------+---------------------+--------------+
Note: For table entries with two numbers listed, the numbers in parentheses indicate the number of resources of the given type used by the specific entity alone. The numbers listed outside of parentheses indicate the total resources of the given type used by the specific entity and all of its sub-entities in the hierarchy.


+---------------------------------------------------------------------------------+
; Registers Removed During Synthesis                                              ;
+----------------------------------------+----------------------------------------+
; Register name                          ; Reason for Removal                     ;
+----------------------------------------+----------------------------------------+
; PC:b2v_inst1|curPc[0,1]                ; Stuck at GND due to stuck port data_in ;
; RegFile:b2v_inst8|Regf[2][0]           ; Stuck at GND due to stuck port data_in ;
; RegFile:b2v_inst8|Regf[2][1]           ; Stuck at GND due to stuck port data_in ;
; RegFile:b2v_inst8|Regf[2][2]           ; Stuck at GND due to stuck port data_in ;
; RegFile:b2v_inst8|Regf[2][3]           ; Stuck at GND due to stuck port data_in ;
; RegFile:b2v_inst8|Regf[2][4]           ; Stuck at GND due to stuck port data_in ;
; RegFile:b2v_inst8|Regf[2][5]           ; Stuck at GND due to stuck port data_in ;
; RegFile:b2v_inst8|Regf[2][6]           ; Stuck at GND due to stuck port data_in ;
; RegFile:b2v_inst8|Regf[2][7]           ; Stuck at GND due to stuck port data_in ;
; RegFile:b2v_inst8|Regf[2][8]           ; Stuck at GND due to stuck port data_in ;
; RegFile:b2v_inst8|Regf[2][9]           ; Stuck at GND due to stuck port data_in ;
; RegFile:b2v_inst8|Regf[2][10]          ; Stuck at GND due to stuck port data_in ;
; RegFile:b2v_inst8|Regf[2][11]          ; Stuck at GND due to stuck port data_in ;
; RegFile:b2v_inst8|Regf[2][12]          ; Stuck at GND due to stuck port data_in ;
; RegFile:b2v_inst8|Regf[2][13]          ; Stuck at GND due to stuck port data_in ;
; RegFile:b2v_inst8|Regf[2][14]          ; Stuck at GND due to stuck port data_in ;
; RegFile:b2v_inst8|Regf[2][15]          ; Stuck at GND due to stuck port data_in ;
; RegFile:b2v_inst8|Regf[2][16]          ; Stuck at GND due to stuck port data_in ;
; RegFile:b2v_inst8|Regf[2][17]          ; Stuck at GND due to stuck port data_in ;
; RegFile:b2v_inst8|Regf[2][18]          ; Stuck at GND due to stuck port data_in ;
; RegFile:b2v_inst8|Regf[2][19]          ; Stuck at GND due to stuck port data_in ;
; RegFile:b2v_inst8|Regf[2][20]          ; Stuck at GND due to stuck port data_in ;
; RegFile:b2v_inst8|Regf[2][21]          ; Stuck at GND due to stuck port data_in ;
; RegFile:b2v_inst8|Regf[2][22]          ; Stuck at GND due to stuck port data_in ;
; RegFile:b2v_inst8|Regf[2][23]          ; Stuck at GND due to stuck port data_in ;
; RegFile:b2v_inst8|Regf[2][24]          ; Stuck at GND due to stuck port data_in ;
; RegFile:b2v_inst8|Regf[2][25]          ; Stuck at GND due to stuck port data_in ;
; RegFile:b2v_inst8|Regf[2][26]          ; Stuck at GND due to stuck port data_in ;
; RegFile:b2v_inst8|Regf[2][27]          ; Stuck at GND due to stuck port data_in ;
; RegFile:b2v_inst8|Regf[2][28]          ; Stuck at GND due to stuck port data_in ;
; RegFile:b2v_inst8|Regf[2][29]          ; Stuck at GND due to stuck port data_in ;
; RegFile:b2v_inst8|Regf[2][30]          ; Stuck at GND due to stuck port data_in ;
; RegFile:b2v_inst8|Regf[2][31]          ; Stuck at GND due to stuck port data_in ;
; PC:b2v_inst1|curPc[8..31]              ; Lost fanout                            ;
; PC:b2v_inst1|curPc[3..7]               ; Stuck at GND due to stuck port data_in ;
; PC:b2v_inst1|curPc[2]                  ; Lost fanout                            ;
; Total Number of Removed Registers = 64 ;                                        ;
+----------------------------------------+----------------------------------------+


+-------------------------------------------------------------------------------------------------------------------+
; Removed Registers Triggering Further Register Optimizations                                                       ;
+-----------------------+---------------------------+---------------------------------------------------------------+
; Register name         ; Reason for Removal        ; Registers Removed due to This Register                        ;
+-----------------------+---------------------------+---------------------------------------------------------------+
; PC:b2v_inst1|curPc[0] ; Stuck at GND              ; RegFile:b2v_inst8|Regf[2][0], RegFile:b2v_inst8|Regf[2][1],   ;
;                       ; due to stuck port data_in ; RegFile:b2v_inst8|Regf[2][2], RegFile:b2v_inst8|Regf[2][3],   ;
;                       ;                           ; RegFile:b2v_inst8|Regf[2][4], RegFile:b2v_inst8|Regf[2][5],   ;
;                       ;                           ; RegFile:b2v_inst8|Regf[2][6], RegFile:b2v_inst8|Regf[2][7],   ;
;                       ;                           ; RegFile:b2v_inst8|Regf[2][8], RegFile:b2v_inst8|Regf[2][9],   ;
;                       ;                           ; RegFile:b2v_inst8|Regf[2][10], RegFile:b2v_inst8|Regf[2][11], ;
;                       ;                           ; RegFile:b2v_inst8|Regf[2][12], RegFile:b2v_inst8|Regf[2][13], ;
;                       ;                           ; RegFile:b2v_inst8|Regf[2][14], RegFile:b2v_inst8|Regf[2][15], ;
;                       ;                           ; RegFile:b2v_inst8|Regf[2][16], RegFile:b2v_inst8|Regf[2][17], ;
;                       ;                           ; RegFile:b2v_inst8|Regf[2][18], RegFile:b2v_inst8|Regf[2][19], ;
;                       ;                           ; RegFile:b2v_inst8|Regf[2][20], RegFile:b2v_inst8|Regf[2][21], ;
;                       ;                           ; RegFile:b2v_inst8|Regf[2][22], RegFile:b2v_inst8|Regf[2][23], ;
;                       ;                           ; RegFile:b2v_inst8|Regf[2][24], RegFile:b2v_inst8|Regf[2][25], ;
;                       ;                           ; RegFile:b2v_inst8|Regf[2][26], RegFile:b2v_inst8|Regf[2][27], ;
;                       ;                           ; RegFile:b2v_inst8|Regf[2][28], RegFile:b2v_inst8|Regf[2][29], ;
;                       ;                           ; RegFile:b2v_inst8|Regf[2][30], RegFile:b2v_inst8|Regf[2][31]  ;
+-----------------------+---------------------------+---------------------------------------------------------------+


+------------------------------------------------------+
; General Register Statistics                          ;
+----------------------------------------------+-------+
; Statistic                                    ; Value ;
+----------------------------------------------+-------+
; Total registers                              ; 0     ;
; Number of registers using Synchronous Clear  ; 0     ;
; Number of registers using Synchronous Load   ; 0     ;
; Number of registers using Asynchronous Clear ; 0     ;
; Number of registers using Asynchronous Load  ; 0     ;
; Number of registers using Clock Enable       ; 0     ;
; Number of registers using Preset             ; 0     ;
+----------------------------------------------+-------+


+-------------------------------------------------------------------------------------------------------------------------------------------------------------------------+
; Port Connectivity Checks: "RegFile:b2v_inst8"                                                                                                                           ;
+-------+-------+----------+----------------------------------------------------------------------------------------------------------------------------------------------+
; Port  ; Type  ; Severity ; Details                                                                                                                                      ;
+-------+-------+----------+----------------------------------------------------------------------------------------------------------------------------------------------+
; reset ; Input ; Warning  ; Declared by entity but not connected by instance. If a default value exists, it will be used.  Otherwise, the port will be connected to GND. ;
+-------+-------+----------+----------------------------------------------------------------------------------------------------------------------------------------------+


+----------------------------------------------------------------------------------------------------------------------------------------+
; Port Connectivity Checks: "Control:b2v_inst5"                                                                                          ;
+---------+--------+----------+----------------------------------------------------------------------------------------------------------+
; Port    ; Type   ; Severity ; Details                                                                                                  ;
+---------+--------+----------+----------------------------------------------------------------------------------------------------------+
; jump    ; Output ; Warning  ; Declared by entity but not connected by instance. Logic that only feeds a dangling port will be removed. ;
; Memwre  ; Output ; Warning  ; Declared by entity but not connected by instance. Logic that only feeds a dangling port will be removed. ;
; Memread ; Output ; Warning  ; Declared by entity but not connected by instance. Logic that only feeds a dangling port will be removed. ;
+---------+--------+----------+----------------------------------------------------------------------------------------------------------+


+-------------------------------------------------------------------------------------------------------------------------------------+
; Port Connectivity Checks: "InstructionSlice:b2v_inst4"                                                                              ;
+------+--------+----------+----------------------------------------------------------------------------------------------------------+
; Port ; Type   ; Severity ; Details                                                                                                  ;
+------+--------+----------+----------------------------------------------------------------------------------------------------------+
; ADDR ; Output ; Warning  ; Declared by entity but not connected by instance. Logic that only feeds a dangling port will be removed. ;
+------+--------+----------+----------------------------------------------------------------------------------------------------------+


+-----------------------------------------------------+
; Post-Synthesis Netlist Statistics for Top Partition ;
+-----------------------+-----------------------------+
; Type                  ; Count                       ;
+-----------------------+-----------------------------+
; boundary_port         ; 66                          ;
; cycloneiii_lcell_comb ; 2                           ;
;     normal            ; 2                           ;
;         0 data inputs ; 2                           ;
;                       ;                             ;
; Max LUT depth         ; 0.00                        ;
; Average LUT depth     ; 0.00                        ;
+-----------------------+-----------------------------+


+-------------------------------+
; Elapsed Time Per Partition    ;
+----------------+--------------+
; Partition Name ; Elapsed Time ;
+----------------+--------------+
; Top            ; 00:00:00     ;
+----------------+--------------+


+-------------------------------+
; Analysis & Synthesis Messages ;
+-------------------------------+
Info: *******************************************************************
Info: Running Quartus II 64-Bit Analysis & Synthesis
    Info: Version 15.0.0 Build 145 04/22/2015 SJ Full Version
    Info: Processing started: Fri Dec 23 19:08:53 2022
Info: Command: quartus_map --read_settings_files=on --write_settings_files=off CPU -c CPU
Info (20030): Parallel compilation is enabled and will use 8 of the 8 processors detected
Info (12021): Found 4 design units, including 4 entities, in source file cpu.v
    Info (12023): Found entity 1: CPU
    Info (12023): Found entity 2: mux_0
    Info (12023): Found entity 3: mux_1
    Info (12023): Found entity 4: mux_2
Info (12127): Elaborating entity "CPU" for the top level hierarchy
Warning (12125): Using design file pc.v, which is not specified as a design file for the current project, but contains definitions for 1 design units and 1 entities in project
    Info (12023): Found entity 1: PC
Info (12128): Elaborating entity "PC" for hierarchy "PC:b2v_inst1"
Warning (12125): Using design file alu.v, which is not specified as a design file for the current project, but contains definitions for 1 design units and 1 entities in project
    Info (12023): Found entity 1: ALU
Info (12128): Elaborating entity "ALU" for hierarchy "ALU:b2v_inst10"
Warning (10230): Verilog HDL assignment warning at alu.v(64): truncated value with size 32 to match size of target (1)
Warning (10230): Verilog HDL assignment warning at alu.v(66): truncated value with size 32 to match size of target (1)
Warning (12125): Using design file left.v, which is not specified as a design file for the current project, but contains definitions for 1 design units and 1 entities in project
    Info (12023): Found entity 1: Left
Info (12128): Elaborating entity "Left" for hierarchy "Left:b2v_inst11"
Warning (12125): Using design file add.v, which is not specified as a design file for the current project, but contains definitions for 1 design units and 1 entities in project
    Info (12023): Found entity 1: Add
Info (12128): Elaborating entity "Add" for hierarchy "Add:b2v_inst12"
Info (12128): Elaborating entity "mux_0" for hierarchy "mux_0:b2v_inst13"
Warning (10034): Output port "OData" at CPU.v(222) has no driver
Warning (12158): Entity "mux_0" contains only dangling pins
Info (12128): Elaborating entity "mux_1" for hierarchy "mux_1:b2v_inst15"
Warning (10034): Output port "OData" at CPU.v(232) has no driver
Warning (12158): Entity "mux_1" contains only dangling pins
Warning (12125): Using design file inputdata.v, which is not specified as a design file for the current project, but contains definitions for 1 design units and 1 entities in project
    Info (12023): Found entity 1: InputData
Info (12128): Elaborating entity "InputData" for hierarchy "InputData:b2v_inst17"
Warning (12125): Using design file inputextend.v, which is not specified as a design file for the current project, but contains definitions for 1 design units and 1 entities in project
    Info (12023): Found entity 1: InputExtend
Info (12128): Elaborating entity "InputExtend" for hierarchy "InputExtend:b2v_inst18"
Warning (12125): Using design file result.v, which is not specified as a design file for the current project, but contains definitions for 1 design units and 1 entities in project
    Info (12023): Found entity 1: Result
Info (12128): Elaborating entity "Result" for hierarchy "Result:b2v_inst2"
Warning (12125): Using design file insmem.v, which is not specified as a design file for the current project, but contains definitions for 1 design units and 1 entities in project
    Info (12023): Found entity 1: InsMem
Info (12128): Elaborating entity "InsMem" for hierarchy "InsMem:b2v_inst3"
Warning (10030): Net "ram[128..28]" at insmem.v(6) has no driver or initial value, using a default initial value '0'
Warning (12125): Using design file instructionslice.v, which is not specified as a design file for the current project, but contains definitions for 1 design units and 1 entities in project
    Info (12023): Found entity 1: InstructionSlice
Info (12128): Elaborating entity "InstructionSlice" for hierarchy "InstructionSlice:b2v_inst4"
Warning (12125): Using design file control.v, which is not specified as a design file for the current project, but contains definitions for 1 design units and 1 entities in project
    Info (12023): Found entity 1: Control
Info (12128): Elaborating entity "Control" for hierarchy "Control:b2v_inst5"
Warning (10230): Verilog HDL assignment warning at control.v(23): truncated value with size 32 to match size of target (1)
Warning (10230): Verilog HDL assignment warning at control.v(24): truncated value with size 32 to match size of target (1)
Warning (10230): Verilog HDL assignment warning at control.v(26): truncated value with size 32 to match size of target (1)
Warning (10230): Verilog HDL assignment warning at control.v(27): truncated value with size 32 to match size of target (1)
Warning (10230): Verilog HDL assignment warning at control.v(28): truncated value with size 32 to match size of target (1)
Warning (10230): Verilog HDL assignment warning at control.v(30): truncated value with size 32 to match size of target (1)
Warning (10230): Verilog HDL assignment warning at control.v(31): truncated value with size 32 to match size of target (1)
Warning (10230): Verilog HDL assignment warning at control.v(32): truncated value with size 32 to match size of target (1)
Warning (10230): Verilog HDL assignment warning at control.v(33): truncated value with size 32 to match size of target (1)
Warning (10270): Verilog HDL Case Statement warning at control.v(38): incomplete case statement has no default case item
Warning (10270): Verilog HDL Case Statement warning at control.v(74): incomplete case statement has no default case item
Warning (10240): Verilog HDL Always Construct warning at control.v(20): inferring latch(es) for variable "ALUOp", which holds its previous value in one or more paths through the always construct
Info (10041): Inferred latch for "ALUOp[0]" at control.v(74)
Info (10041): Inferred latch for "ALUOp[1]" at control.v(74)
Info (10041): Inferred latch for "ALUOp[2]" at control.v(74)
Info (10041): Inferred latch for "ALUOp[3]" at control.v(74)
Info (10041): Inferred latch for "ALUOp[4]" at control.v(74)
Info (12128): Elaborating entity "mux_2" for hierarchy "mux_2:b2v_inst6"
Warning (10034): Output port "OData" at CPU.v(242) has no driver
Warning (12158): Entity "mux_2" contains only dangling pins
Warning (12125): Using design file mux4.v, which is not specified as a design file for the current project, but contains definitions for 1 design units and 1 entities in project
    Info (12023): Found entity 1: Mux4
Info (12128): Elaborating entity "Mux4" for hierarchy "Mux4:b2v_inst7"
Warning (12125): Using design file regfile.v, which is not specified as a design file for the current project, but contains definitions for 1 design units and 1 entities in project
    Info (12023): Found entity 1: RegFile
Info (12128): Elaborating entity "RegFile" for hierarchy "RegFile:b2v_inst8"
Warning (12125): Using design file inmediateextend.v, which is not specified as a design file for the current project, but contains definitions for 1 design units and 1 entities in project
    Info (12023): Found entity 1: InmediateExtend
Info (12128): Elaborating entity "InmediateExtend" for hierarchy "InmediateExtend:b2v_inst9"
Warning (12241): 3 hierarchies have connectivity warnings - see the Connectivity Checks report folder
Warning (13024): Output pins are stuck at VCC or GND
    Warning (13410): Pin "out1[0]" is stuck at GND
    Warning (13410): Pin "out1[1]" is stuck at GND
    Warning (13410): Pin "out1[2]" is stuck at GND
    Warning (13410): Pin "out1[3]" is stuck at GND
    Warning (13410): Pin "out1[4]" is stuck at GND
    Warning (13410): Pin "out1[5]" is stuck at GND
    Warning (13410): Pin "out1[6]" is stuck at VCC
    Warning (13410): Pin "out2[0]" is stuck at GND
    Warning (13410): Pin "out2[1]" is stuck at GND
    Warning (13410): Pin "out2[2]" is stuck at GND
    Warning (13410): Pin "out2[3]" is stuck at GND
    Warning (13410): Pin "out2[4]" is stuck at GND
    Warning (13410): Pin "out2[5]" is stuck at GND
    Warning (13410): Pin "out2[6]" is stuck at VCC
    Warning (13410): Pin "out3[0]" is stuck at GND
    Warning (13410): Pin "out3[1]" is stuck at GND
    Warning (13410): Pin "out3[2]" is stuck at GND
    Warning (13410): Pin "out3[3]" is stuck at GND
    Warning (13410): Pin "out3[4]" is stuck at GND
    Warning (13410): Pin "out3[5]" is stuck at GND
    Warning (13410): Pin "out3[6]" is stuck at VCC
    Warning (13410): Pin "out4[0]" is stuck at GND
    Warning (13410): Pin "out4[1]" is stuck at GND
    Warning (13410): Pin "out4[2]" is stuck at GND
    Warning (13410): Pin "out4[3]" is stuck at GND
    Warning (13410): Pin "out4[4]" is stuck at GND
    Warning (13410): Pin "out4[5]" is stuck at GND
    Warning (13410): Pin "out4[6]" is stuck at VCC
    Warning (13410): Pin "out5[0]" is stuck at GND
    Warning (13410): Pin "out5[1]" is stuck at GND
    Warning (13410): Pin "out5[2]" is stuck at GND
    Warning (13410): Pin "out5[3]" is stuck at GND
    Warning (13410): Pin "out5[4]" is stuck at GND
    Warning (13410): Pin "out5[5]" is stuck at GND
    Warning (13410): Pin "out5[6]" is stuck at VCC
    Warning (13410): Pin "out6[0]" is stuck at GND
    Warning (13410): Pin "out6[1]" is stuck at GND
    Warning (13410): Pin "out6[2]" is stuck at GND
    Warning (13410): Pin "out6[3]" is stuck at GND
    Warning (13410): Pin "out6[4]" is stuck at GND
    Warning (13410): Pin "out6[5]" is stuck at GND
    Warning (13410): Pin "out6[6]" is stuck at VCC
    Warning (13410): Pin "out7[0]" is stuck at GND
    Warning (13410): Pin "out7[1]" is stuck at GND
    Warning (13410): Pin "out7[2]" is stuck at GND
    Warning (13410): Pin "out7[3]" is stuck at GND
    Warning (13410): Pin "out7[4]" is stuck at GND
    Warning (13410): Pin "out7[5]" is stuck at GND
    Warning (13410): Pin "out7[6]" is stuck at VCC
    Warning (13410): Pin "out8[0]" is stuck at GND
    Warning (13410): Pin "out8[1]" is stuck at GND
    Warning (13410): Pin "out8[2]" is stuck at GND
    Warning (13410): Pin "out8[3]" is stuck at GND
    Warning (13410): Pin "out8[4]" is stuck at GND
    Warning (13410): Pin "out8[5]" is stuck at GND
    Warning (13410): Pin "out8[6]" is stuck at VCC
Info (17049): 25 registers lost all their fanouts during netlist optimizations.
Info (16010): Generating hard_block partition "hard_block:auto_generated_inst"
    Info (16011): Adding 0 node(s), including 0 DDIO, 0 PLL, 0 transceiver and 0 LCELL
Warning (21074): Design contains 10 input pin(s) that do not drive logic
    Warning (15610): No output dependent on input pin "reset"
    Warning (15610): No output dependent on input pin "clk"
    Warning (15610): No output dependent on input pin "RandomNumber[0]"
    Warning (15610): No output dependent on input pin "RandomNumber[1]"
    Warning (15610): No output dependent on input pin "RandomNumber[2]"
    Warning (15610): No output dependent on input pin "RandomNumber[3]"
    Warning (15610): No output dependent on input pin "RandomNumber[4]"
    Warning (15610): No output dependent on input pin "RandomNumber[5]"
    Warning (15610): No output dependent on input pin "RandomNumber[6]"
    Warning (15610): No output dependent on input pin "RandomNumber[7]"
Info (21057): Implemented 66 device resources after synthesis - the final resource count might be different
    Info (21058): Implemented 10 input pins
    Info (21059): Implemented 56 output pins
Info: Quartus II 64-Bit Analysis & Synthesis was successful. 0 errors, 103 warnings
    Info: Peak virtual memory: 4806 megabytes
    Info: Processing ended: Fri Dec 23 19:09:11 2022
    Info: Elapsed time: 00:00:18
    Info: Total CPU time (on all processors): 00:00:38


