Info: Start Nativelink Simulation process

========= EDA Simulation Settings =====================

Sim Mode              :  Gate
Family                :  cycloneive
Quartus root          :  c:/altera/10.0/quartus/bin/
Quartus sim root      :  c:/altera/10.0/quartus/eda/sim_lib
Simulation Tool       :  modelsim-altera
Simulation Language   :  verilog
Simulation Mode       :  GUI
Sim Output File       :  lab2_LookaheadCarry.vo
Sim SDF file          :  lab2_LookaheadCarry__verilog.sdo
Sim dir               :  simulation\modelsim

=======================================================

Info: Starting NativeLink simulation with ModelSim-Altera software
Sourced NativeLink script c:/altera/10.0/quartus/common/tcl/internal/nativelink/modelsim.tcl
Warning: File lab2_LookaheadCarry_run_msim_gate_verilog.do already exists - backing up current file as lab2_LookaheadCarry_run_msim_gate_verilog.do.bak11
Probing transcript
ModelSim-Altera Info: # Reading C:/altera/10.0/modelsim_ase/tcl/vsim/pref.tcl 
ModelSim-Altera Info: # do lab2_LookaheadCarry_run_msim_gate_verilog.do 
ModelSim-Altera Info: # if {[file exists gate_work]} {
ModelSim-Altera Info: # 	vdel -lib gate_work -all
ModelSim-Altera Info: # }
ModelSim-Altera Info: # vlib gate_work
ModelSim-Altera Info: # vmap work gate_work
ModelSim-Altera Info: # Copying C:\altera\10.0\modelsim_ase\win32aloem/../modelsim.ini to modelsim.ini
ModelSim-Altera Info: # Modifying modelsim.ini
ModelSim-Altera Warning: # ** Warning: Copied C:\altera\10.0\modelsim_ase\win32aloem/../modelsim.ini to modelsim.ini.
ModelSim-Altera Info: #          Updated modelsim.ini.
ModelSim-Altera Info: # 
ModelSim-Altera Info: # vlog -vlog01compat -work work +incdir+. {lab2_LookaheadCarry.vo}
ModelSim-Altera Info: # Model Technology ModelSim ALTERA vlog 6.5e Compiler 2010.02 Feb 27 2010
ModelSim-Altera Info: # -- Compiling module lab2_LookaheadCarry
ModelSim-Altera Info: # 
ModelSim-Altera Info: # Top level modules:
ModelSim-Altera Info: # 	lab2_LookaheadCarry
ModelSim-Altera Info: # 
ModelSim-Altera Info: # vlog -vlog01compat -work work +incdir+E:/Quartus_Projects/lab2_LookaheadCarry/simulation/modelsim {E:/Quartus_Projects/lab2_LookaheadCarry/simulation/modelsim/lab2_LookaheadCarry.vt}
ModelSim-Altera Info: # Model Technology ModelSim ALTERA vlog 6.5e Compiler 2010.02 Feb 27 2010
ModelSim-Altera Info: # -- Compiling module lab2_LookaheadCarry_vlg_tst
ModelSim-Altera Info: # 
ModelSim-Altera Info: # Top level modules:
ModelSim-Altera Info: # 	lab2_LookaheadCarry_vlg_tst
ModelSim-Altera Info: # 
ModelSim-Altera Info: # vsim -t 1ps +transport_int_delays +transport_path_delays -L altera_ver -L cycloneive_ver -L gate_work -L work -voptargs="+acc" lab2_LookaheadCarry_vlg_tst
ModelSim-Altera Info: # vsim +transport_int_delays +transport_path_delays -L altera_ver -L cycloneive_ver -L gate_work -L work -voptargs=\"+acc\" -t 1ps lab2_LookaheadCarry_vlg_tst 
ModelSim-Altera Info: # WARNING: No extended dataflow License exists
ModelSim-Altera Info: # 
ModelSim-Altera Info: # add wave *
ModelSim-Altera Info: # view structure
ModelSim-Altera Info: # .main_pane.structure.interior.cs.body.struct
ModelSim-Altera Info: # view signals
ModelSim-Altera Info: # .main_pane.objects.interior.cs.body
ModelSim-Altera Info: # run -all
ModelSim-Altera Info: vlog -reportprogress 300 -work work E:/Quartus_Projects/lab2_LookaheadCarry/simulation/modelsim/lab2_LookaheadCarry.vt
ModelSim-Altera Info: # Model Technology ModelSim ALTERA vlog 6.5e Compiler 2010.02 Feb 27 2010
ModelSim-Altera Info: # -- Compiling module lab2_LookaheadCarry_vlg_tst
ModelSim-Altera Info: # 
ModelSim-Altera Info: # Top level modules:
ModelSim-Altera Info: # 	lab2_LookaheadCarry_vlg_tst
ModelSim-Altera Info: vlog -reportprogress 300 -work work E:/Quartus_Projects/lab2_LookaheadCarry/simulation/modelsim/lab2_LookaheadCarry.vt
ModelSim-Altera Info: # Model Technology ModelSim ALTERA vlog 6.5e Compiler 2010.02 Feb 27 2010
ModelSim-Altera Info: # -- Compiling module lab2_LookaheadCarry_vlg_tst
ModelSim-Altera Info: # 
ModelSim-Altera Info: # Top level modules:
ModelSim-Altera Info: # 	lab2_LookaheadCarry_vlg_tst
ModelSim-Altera Info: # Break key hit 
ModelSim-Altera Info: # Break in Module lab2_LookaheadCarry_vlg_tst at E:/Quartus_Projects/lab2_LookaheadCarry/simulation/modelsim/lab2_LookaheadCarry.vt line 65
ModelSim-Altera Info: # Simulation Breakpoint: Break in Module lab2_LookaheadCarry_vlg_tst at E:/Quartus_Projects/lab2_LookaheadCarry/simulation/modelsim/lab2_LookaheadCarry.vt line 65
ModelSim-Altera Info: # MACRO ./lab2_LookaheadCarry_run_msim_gate_verilog.do PAUSED at line 17
ModelSim-Altera Info: vlog -reportprogress 300 -work work E:/Quartus_Projects/lab2_LookaheadCarry/simulation/modelsim/lab2_LookaheadCarry.vt
ModelSim-Altera Info: # Model Technology ModelSim ALTERA vlog 6.5e Compiler 2010.02 Feb 27 2010
ModelSim-Altera Info: # -- Compiling module lab2_LookaheadCarry_vlg_tst
ModelSim-Altera Info: # 
ModelSim-Altera Info: # Top level modules:
ModelSim-Altera Info: # 	lab2_LookaheadCarry_vlg_tst
ModelSim-Altera Info: vlog -reportprogress 300 -work work E:/Quartus_Projects/lab2_LookaheadCarry/simulation/modelsim/lab2_LookaheadCarry.vt
ModelSim-Altera Info: # Model Technology ModelSim ALTERA vlog 6.5e Compiler 2010.02 Feb 27 2010
ModelSim-Altera Info: # -- Compiling module lab2_LookaheadCarry_vlg_tst
ModelSim-Altera Info: # 
ModelSim-Altera Info: # Top level modules:
ModelSim-Altera Info: # 	lab2_LookaheadCarry_vlg_tst
ModelSim-Altera Info: do E:/Quartus_Projects/lab2_LookaheadCarry/simulation/modelsim/lab2_LookaheadCarry_run_msim_gate_verilog.do
ModelSim-Altera Info: # transcript on
ModelSim-Altera Info: # if {[file exists gate_work]} {
ModelSim-Altera Info: # 	vdel -lib gate_work -all
ModelSim-Altera Info: # }
ModelSim-Altera Info: # vlib gate_work
ModelSim-Altera Info: # vmap work gate_work
ModelSim-Altera Info: # Modifying modelsim.ini
ModelSim-Altera Info: # 
ModelSim-Altera Info: # vlog -vlog01compat -work work +incdir+. {lab2_LookaheadCarry.vo}
ModelSim-Altera Info: # Model Technology ModelSim ALTERA vlog 6.5e Compiler 2010.02 Feb 27 2010
ModelSim-Altera Info: # -- Compiling module lab2_LookaheadCarry
ModelSim-Altera Info: # 
ModelSim-Altera Info: # Top level modules:
ModelSim-Altera Info: # 	lab2_LookaheadCarry
ModelSim-Altera Info: # 
ModelSim-Altera Info: # vlog -vlog01compat -work work +incdir+E:/Quartus_Projects/lab2_LookaheadCarry/simulation/modelsim {E:/Quartus_Projects/lab2_LookaheadCarry/simulation/modelsim/lab2_LookaheadCarry.vt}
ModelSim-Altera Info: # Model Technology ModelSim ALTERA vlog 6.5e Compiler 2010.02 Feb 27 2010
ModelSim-Altera Info: # -- Compiling module lab2_LookaheadCarry_vlg_tst
ModelSim-Altera Info: # 
ModelSim-Altera Info: # Top level modules:
ModelSim-Altera Info: # 	lab2_LookaheadCarry_vlg_tst
ModelSim-Altera Info: # 
ModelSim-Altera Info: # vsim -t 1ps +transport_int_delays +transport_path_delays -L altera_ver -L cycloneive_ver -L gate_work -L work -voptargs="+acc" lab2_LookaheadCarry_vlg_tst
ModelSim-Altera Info: # vsim +transport_int_delays +transport_path_delays -L altera_ver -L cycloneive_ver -L gate_work -L work -voptargs=\"+acc\" -t 1ps lab2_LookaheadCarry_vlg_tst 
ModelSim-Altera Info: # 
ModelSim-Altera Info: # add wave *
ModelSim-Altera Info: # view structure
ModelSim-Altera Info: # .main_pane.structure.interior.cs.body.struct
ModelSim-Altera Info: # view signals
ModelSim-Altera Info: # .main_pane.objects.interior.cs.body
ModelSim-Altera Info: # run -all
ModelSim-Altera Info: # Break key hit 
ModelSim-Altera Info: # Break in Module cycloneive_clkctrl in file C:/altera/10.0/modelsim_ase/win32aloem/../altera/verilog/src/cycloneive_atoms.v
ModelSim-Altera Info: # Simulation Breakpoint: Break in Module cycloneive_clkctrl in file C:/altera/10.0/modelsim_ase/win32aloem/../altera/verilog/src/cycloneive_atoms.v
ModelSim-Altera Info: # MACRO E:\Quartus_Projects\lab2_LookaheadCarry\simulation\modelsim\lab2_LookaheadCarry_run_msim_gate_verilog.do PAUSED at line 17
ModelSim-Altera Info: vlog -reportprogress 300 -work work E:/Quartus_Projects/lab2_LookaheadCarry/simulation/modelsim/lab2_LookaheadCarry.vt
ModelSim-Altera Info: # Model Technology ModelSim ALTERA vlog 6.5e Compiler 2010.02 Feb 27 2010
ModelSim-Altera Info: # -- Compiling module lab2_LookaheadCarry_vlg_tst
ModelSim-Altera Info: # 
ModelSim-Altera Info: # Top level modules:
ModelSim-Altera Info: # 	lab2_LookaheadCarry_vlg_tst
ModelSim-Altera Info: do E:/Quartus_Projects/lab2_LookaheadCarry/simulation/modelsim/lab2_LookaheadCarry_run_msim_gate_verilog.do
ModelSim-Altera Info: # transcript on
ModelSim-Altera Info: # if {[file exists gate_work]} {
ModelSim-Altera Info: # 	vdel -lib gate_work -all
ModelSim-Altera Info: # }
ModelSim-Altera Info: # vlib gate_work
ModelSim-Altera Info: # vmap work gate_work
ModelSim-Altera Info: # Modifying modelsim.ini
ModelSim-Altera Info: # 
ModelSim-Altera Info: # vlog -vlog01compat -work work +incdir+. {lab2_LookaheadCarry.vo}
ModelSim-Altera Info: # Model Technology ModelSim ALTERA vlog 6.5e Compiler 2010.02 Feb 27 2010
ModelSim-Altera Info: # -- Compiling module lab2_LookaheadCarry
ModelSim-Altera Info: # 
ModelSim-Altera Info: # Top level modules:
ModelSim-Altera Info: # 	lab2_LookaheadCarry
ModelSim-Altera Info: # 
ModelSim-Altera Info: # vlog -vlog01compat -work work +incdir+E:/Quartus_Projects/lab2_LookaheadCarry/simulation/modelsim {E:/Quartus_Projects/lab2_LookaheadCarry/simulation/modelsim/lab2_LookaheadCarry.vt}
ModelSim-Altera Info: # Model Technology ModelSim ALTERA vlog 6.5e Compiler 2010.02 Feb 27 2010
ModelSim-Altera Info: # -- Compiling module lab2_LookaheadCarry_vlg_tst
ModelSim-Altera Info: # 
ModelSim-Altera Info: # Top level modules:
ModelSim-Altera Info: # 	lab2_LookaheadCarry_vlg_tst
ModelSim-Altera Info: # 
ModelSim-Altera Info: # vsim -t 1ps +transport_int_delays +transport_path_delays -L altera_ver -L cycloneive_ver -L gate_work -L work -voptargs="+acc" lab2_LookaheadCarry_vlg_tst
ModelSim-Altera Info: # vsim +transport_int_delays +transport_path_delays -L altera_ver -L cycloneive_ver -L gate_work -L work -voptargs=\"+acc\" -t 1ps lab2_LookaheadCarry_vlg_tst 
ModelSim-Altera Info: # 
ModelSim-Altera Info: # add wave *
ModelSim-Altera Info: # view structure
ModelSim-Altera Info: # .main_pane.structure.interior.cs.body.struct
ModelSim-Altera Info: # view signals
ModelSim-Altera Info: # .main_pane.objects.interior.cs.body
ModelSim-Altera Info: # run -all
ModelSim-Altera Info: # Break key hit 
ModelSim-Altera Info: # Simulation stop requested.
ModelSim-Altera Info: # Simulation Breakpoint: Simulation stop requested.
ModelSim-Altera Info: # MACRO E:\Quartus_Projects\lab2_LookaheadCarry\simulation\modelsim\lab2_LookaheadCarry_run_msim_gate_verilog.do PAUSED at line 17
Info: NativeLink simulation flow was successful
