Flow report for ALU_64bit
Tue Nov 07 18:30:01 2023
Quartus II 64-Bit Version 15.0.0 Build 145 04/22/2015 SJ Full Version


---------------------
; Table of Contents ;
---------------------
  1. Legal Notice
  2. Flow Summary
  3. Flow Settings
  4. Flow Non-Default Global Settings
  5. Flow Elapsed Time
  6. Flow OS Summary
  7. Flow Log
  8. Flow Messages
  9. Flow Suppressed Messages



----------------
; Legal Notice ;
----------------
Copyright (C) 1991-2015 Altera Corporation. All rights reserved.
Your use of Altera Corporation's design tools, logic functions 
and other software and tools, and its AMPP partner logic 
functions, and any output files from any of the foregoing 
(including device programming or simulation files), and any 
associated documentation or information are expressly subject 
to the terms and conditions of the Altera Program License 
Subscription Agreement, the Altera Quartus II License Agreement,
the Altera MegaCore Function License Agreement, or other 
applicable license agreement, including, without limitation, 
that your use is for the sole purpose of programming logic 
devices manufactured by Altera and sold by Altera or its 
authorized distributors.  Please refer to the applicable 
agreement for further details.



+----------------------------------------------------------------------------------+
; Flow Summary                                                                     ;
+------------------------------------+---------------------------------------------+
; Flow Status                        ; Successful - Tue Nov 07 18:30:01 2023       ;
; Quartus II 64-Bit Version          ; 15.0.0 Build 145 04/22/2015 SJ Full Version ;
; Revision Name                      ; ALU_64bit                                   ;
; Top-level Entity Name              ; ALU_64bit                                   ;
; Family                             ; Cyclone IV E                                ;
; Total logic elements               ; 288 / 15,408 ( 2 % )                        ;
;     Total combinational functions  ; 288 / 15,408 ( 2 % )                        ;
;     Dedicated logic registers      ; 0 / 15,408 ( 0 % )                          ;
; Total registers                    ; 0                                           ;
; Total pins                         ; 198 / 344 ( 58 % )                          ;
; Total virtual pins                 ; 0                                           ;
; Total memory bits                  ; 0 / 516,096 ( 0 % )                         ;
; Embedded Multiplier 9-bit elements ; 0 / 112 ( 0 % )                             ;
; Total PLLs                         ; 0 / 4 ( 0 % )                               ;
; Device                             ; EP4CE15F23C6                                ;
; Timing Models                      ; Final                                       ;
+------------------------------------+---------------------------------------------+


+-----------------------------------------+
; Flow Settings                           ;
+-------------------+---------------------+
; Option            ; Setting             ;
+-------------------+---------------------+
; Start date & time ; 11/07/2023 18:29:42 ;
; Main task         ; Compilation         ;
; Revision Name     ; ALU_64bit           ;
+-------------------+---------------------+


+---------------------------------------------------------------------------------------------------------------------------+
; Flow Non-Default Global Settings                                                                                          ;
+--------------------------------------+----------------------------------+---------------+-------------+-------------------+
; Assignment Name                      ; Value                            ; Default Value ; Entity Name ; Section Id        ;
+--------------------------------------+----------------------------------+---------------+-------------+-------------------+
; COMPILER_SIGNATURE_ID                ; 48987081164846.169935298219256   ; --            ; --          ; --                ;
; EDA_DESIGN_INSTANCE_NAME             ; NA                               ; --            ; --          ; ALU_64bit_vlg_tst ;
; EDA_NATIVELINK_SIMULATION_TEST_BENCH ; ALU_64bit_vlg_tst                ; --            ; --          ; eda_simulation    ;
; EDA_OUTPUT_DATA_FORMAT               ; Verilog Hdl                      ; --            ; --          ; eda_simulation    ;
; EDA_SIMULATION_TOOL                  ; ModelSim-Altera (Verilog)        ; <None>        ; --          ; --                ;
; EDA_TEST_BENCH_ENABLE_STATUS         ; TEST_BENCH_MODE                  ; --            ; --          ; eda_simulation    ;
; EDA_TEST_BENCH_FILE                  ; simulation/modelsim/ALU_64bit.vt ; --            ; --          ; ALU_64bit_vlg_tst ;
; EDA_TEST_BENCH_MODULE_NAME           ; ALU_64bit_vlg_tst                ; --            ; --          ; ALU_64bit_vlg_tst ;
; EDA_TEST_BENCH_NAME                  ; ALU_64bit_vlg_tst                ; --            ; --          ; eda_simulation    ;
; EDA_TEST_BENCH_RUN_SIM_FOR           ; 1000 ns                          ; --            ; --          ; ALU_64bit_vlg_tst ;
; EDA_TIME_SCALE                       ; 1 ns                             ; --            ; --          ; eda_simulation    ;
; PARTITION_COLOR                      ; 16764057                         ; --            ; --          ; Top               ;
; PARTITION_FITTER_PRESERVATION_LEVEL  ; PLACEMENT_AND_ROUTING            ; --            ; --          ; Top               ;
; PARTITION_NETLIST_TYPE               ; SOURCE                           ; --            ; --          ; Top               ;
; PROJECT_OUTPUT_DIRECTORY             ; output_files                     ; --            ; --          ; --                ;
+--------------------------------------+----------------------------------+---------------+-------------+-------------------+


+-------------------------------------------------------------------------------------------------------------------------------+
; Flow Elapsed Time                                                                                                             ;
+---------------------------+--------------+-------------------------+---------------------+------------------------------------+
; Module Name               ; Elapsed Time ; Average Processors Used ; Peak Virtual Memory ; Total CPU Time (on all processors) ;
+---------------------------+--------------+-------------------------+---------------------+------------------------------------+
; Analysis & Synthesis      ; 00:00:06     ; 1.0                     ; 4848 MB             ; 00:00:15                           ;
; Fitter                    ; 00:00:05     ; 1.0                     ; 5944 MB             ; 00:00:06                           ;
; Assembler                 ; 00:00:00     ; 1.0                     ; 4745 MB             ; 00:00:01                           ;
; TimeQuest Timing Analyzer ; 00:00:01     ; 1.0                     ; 4928 MB             ; 00:00:02                           ;
; EDA Netlist Writer        ; 00:00:01     ; 1.0                     ; 4719 MB             ; 00:00:01                           ;
; Total                     ; 00:00:13     ; --                      ; --                  ; 00:00:25                           ;
+---------------------------+--------------+-------------------------+---------------------+------------------------------------+


+----------------------------------------------------------------------------------------+
; Flow OS Summary                                                                        ;
+---------------------------+------------------+-----------+------------+----------------+
; Module Name               ; Machine Hostname ; OS Name   ; OS Version ; Processor type ;
+---------------------------+------------------+-----------+------------+----------------+
; Analysis & Synthesis      ; LAPTOP-EM068F8R  ; Windows 7 ; 6.2        ; x86_64         ;
; Fitter                    ; LAPTOP-EM068F8R  ; Windows 7 ; 6.2        ; x86_64         ;
; Assembler                 ; LAPTOP-EM068F8R  ; Windows 7 ; 6.2        ; x86_64         ;
; TimeQuest Timing Analyzer ; LAPTOP-EM068F8R  ; Windows 7 ; 6.2        ; x86_64         ;
; EDA Netlist Writer        ; LAPTOP-EM068F8R  ; Windows 7 ; 6.2        ; x86_64         ;
+---------------------------+------------------+-----------+------------+----------------+


------------
; Flow Log ;
------------
quartus_map --read_settings_files=on --write_settings_files=off ALU_64bit -c ALU_64bit
quartus_fit --read_settings_files=off --write_settings_files=off ALU_64bit -c ALU_64bit
quartus_asm --read_settings_files=off --write_settings_files=off ALU_64bit -c ALU_64bit
quartus_sta ALU_64bit -c ALU_64bit
quartus_eda --read_settings_files=off --write_settings_files=off ALU_64bit -c ALU_64bit



