Assembler report for ALU_64bit
Tue Nov 07 18:29:56 2023
Quartus II 64-Bit Version 15.0.0 Build 145 04/22/2015 SJ Full Version


---------------------
; Table of Contents ;
---------------------
  1. Legal Notice
  2. Assembler Summary
  3. Assembler Settings
  4. Assembler Generated Files
  5. Assembler Device Options: E:/quartus/work1/ALU_64bit/output_files/ALU_64bit.sof
  6. Assembler Messages



----------------
; Legal Notice ;
----------------
Copyright (C) 1991-2015 Altera Corporation. All rights reserved.
Your use of Altera Corporation's design tools, logic functions 
and other software and tools, and its AMPP partner logic 
functions, and any output files from any of the foregoing 
(including device programming or simulation files), and any 
associated documentation or information are expressly subject 
to the terms and conditions of the Altera Program License 
Subscription Agreement, the Altera Quartus II License Agreement,
the Altera MegaCore Function License Agreement, or other 
applicable license agreement, including, without limitation, 
that your use is for the sole purpose of programming logic 
devices manufactured by Altera and sold by Altera or its 
authorized distributors.  Please refer to the applicable 
agreement for further details.



+---------------------------------------------------------------+
; Assembler Summary                                             ;
+-----------------------+---------------------------------------+
; Assembler Status      ; Successful - Tue Nov 07 18:29:56 2023 ;
; Revision Name         ; ALU_64bit                             ;
; Top-level Entity Name ; ALU_64bit                             ;
; Family                ; Cyclone IV E                          ;
; Device                ; EP4CE15F23C6                          ;
+-----------------------+---------------------------------------+


+----------------------------------+
; Assembler Settings               ;
+--------+---------+---------------+
; Option ; Setting ; Default Value ;
+--------+---------+---------------+


+-------------------------------------------------------+
; Assembler Generated Files                             ;
+-------------------------------------------------------+
; File Name                                             ;
+-------------------------------------------------------+
; E:/quartus/work1/ALU_64bit/output_files/ALU_64bit.sof ;
+-------------------------------------------------------+


+---------------------------------------------------------------------------------+
; Assembler Device Options: E:/quartus/work1/ALU_64bit/output_files/ALU_64bit.sof ;
+----------------+----------------------------------------------------------------+
; Option         ; Setting                                                        ;
+----------------+----------------------------------------------------------------+
; Device         ; EP4CE15F23C6                                                   ;
; JTAG usercode  ; 0x000FE902                                                     ;
; Checksum       ; 0x000FE902                                                     ;
+----------------+----------------------------------------------------------------+


+--------------------+
; Assembler Messages ;
+--------------------+
Info: *******************************************************************
Info: Running Quartus II 64-Bit Assembler
    Info: Version 15.0.0 Build 145 04/22/2015 SJ Full Version
    Info: Processing started: Tue Nov 07 18:29:56 2023
Info: Command: quartus_asm --read_settings_files=off --write_settings_files=off ALU_64bit -c ALU_64bit
Info (115031): Writing out detailed assembly data for power analysis
Info (115030): Assembler is generating device programming files
Info: Quartus II 64-Bit Assembler was successful. 0 errors, 0 warnings
    Info: Peak virtual memory: 4745 megabytes
    Info: Processing ended: Tue Nov 07 18:29:56 2023
    Info: Elapsed time: 00:00:00
    Info: Total CPU time (on all processors): 00:00:01


